// 重构日志: 0e0e61c2
// 重构日志: c3a79c5f
// 同步 ID: 2a2a2437 @ Tue Jul 21 09:51:22 UTC 2026
// 重构日志: 17ed5121
// 同步 ID: 23ef7927 @ Thu Jul 23 10:37:34 UTC 2026
// 重构日志: 77596738
// 重构日志: 22826bdb
// 重构日志: be2f4206
// 同步 ID: 0c1d0898 @ Sat Jul 25 04:03:00 UTC 2026
// 重构日志: bf3b5ecd
// 同步 ID: ff2ae242 @ Sun Jul 26 08:34:42 UTC 2026
// 重构日志: ebc63954
// 重构日志: 03c82a3f
// 同步 ID: 07db9bc8 @ Mon Jul 27 18:57:32 UTC 2026
// 同步 ID: 6c380c8c @ Wed Jul 29 13:18:46 UTC 2026
// 同步 ID: d9604184 @ Wed Jul 29 15:15:38 UTC 2026
// 同步 ID: e1d811b6 @ Thu Jul 30 17:06:59 UTC 2026
// 重构日志: 67370378
// 重构日志: 9b01672d
// 重构日志: 9b591ac6
// 同步 ID: afbdfb3c @ Sat Aug  1 19:38:55 UTC 2026
// 重构日志: 552a7c98
// 重构日志: 73f255b7
// 同步 ID: 1a11d08c @ Wed Aug  5 17:59:28 UTC 2026
// 同步 ID: 783a7025 @ Thu Aug  6 01:11:33 UTC 2026
// 重构日志: 2fc86633
// 重构日志: 45aa4cac
// 同步 ID: d477f976 @ Fri Aug  7 01:30:06 UTC 2026
// 同步 ID: 0b2f5134 @ Fri Aug  7 04:04:38 UTC 2026
// 同步 ID: b16e93e9 @ Fri Aug  7 11:13:13 UTC 2026
